[LOG] saving to /home/physicar/physicar_ws/moving/logs/run_20260826_000910.log
[WEB] port 5000 is in use. Stop the other process and rerun.
========================================================================
PhysiCar autonomous driving
DRIVE_ENABLED = True
Ctrl+C to stop.
========================================================================
[TRAFFIC] fixed-ROI start gate active (ROI=(0.6, 0.4, 0.98, 0.95)); vehicle STOPPED; locking position...
[TRAFFIC] state=LOCKING lock=NO(1/10) green=0/3 red_cleared=-     red_score=0.000 green_score=0.631
[TRAFFIC] DEPART -- reason=GREEN_CONFIRMED
[lidar] subscribed to /scan
[00:02.3] MODE=LANE_FOLLOW     light=GREEN    lane=STRAIGHT   obstacle=CLEAR  steer=  +0.2 speed= 0.75  13.9Hz
[00:03.0] MODE=LANE_FOLLOW     light=GREEN    lane=STRAIGHT   obstacle=CLEAR  steer=  -0.3 speed= 0.75  13.9Hz
[00:03.7] MODE=LANE_FOLLOW     light=GREEN    lane=STRAIGHT   obstacle=CLEAR  steer=  +1.1 speed= 0.75  17.3Hz
[00:04.4] MODE=LANE_FOLLOW     light=GREEN    lane=CORNER     obstacle=CLEAR  steer=  +9.4 speed= 0.36  15.9Hz
[00:05.1] MODE=LANE_FOLLOW     light=GREEN    lane=CORNER     obstacle=CLEAR  steer= +20.0 speed= 0.32  12.2Hz
[00:05.8] MODE=LANE_FOLLOW     light=GREEN    lane=CORNER     obstacle=CLEAR  steer= +20.0 speed= 0.32  17.2Hz
[00:06.5] MODE=LANE_FOLLOW     light=GREEN    lane=CORNER     obstacle=CLEAR  steer= +19.6 speed= 0.34  11.8Hz
[00:07.2] MODE=LANE_FOLLOW     light=GREEN    lane=STRAIGHT   obstacle=CLEAR  steer=  +2.4 speed= 0.74  16.5Hz
[00:07.9] MODE=LANE_FOLLOW     light=GREEN    lane=STRAIGHT   obstacle=CLEAR  steer=  +0.1 speed= 0.75  18.3Hz
[00:08.6] MODE=LANE_FOLLOW     light=GREEN    lane=STRAIGHT   obstacle=CLEAR  steer=  +0.4 speed= 0.75  18.1Hz
[00:09.3] MODE=LANE_FOLLOW     light=GREEN    lane=STRAIGHT   obstacle=CLEAR  steer=  +0.1 speed= 0.75  17.5Hz
[00:10.0] MODE=LANE_FOLLOW     light=GREEN    lane=STRAIGHT   obstacle=CLEAR  steer=  -0.0 speed= 0.75  12.8Hz
[00:10.7] MODE=LANE_FOLLOW     light=GREEN    lane=STRAIGHT   obstacle=CLEAR  steer=  +0.0 speed= 0.75  17.1Hz
[00:11.4] MODE=LANE_FOLLOW     light=GREEN    lane=STRAIGHT   obstacle=CLEAR  steer=  +0.0 speed= 0.75  18.8Hz
[00:12.1] MODE=LANE_FOLLOW     light=GREEN    lane=STRAIGHT   obstacle=CLEAR  steer=  +0.0 speed= 0.75  19.8Hz
[00:12.8] MODE=LANE_FOLLOW     light=GREEN    lane=STRAIGHT   obstacle=CLEAR  steer=  +0.0 speed= 0.75  13.9Hz
[00:13.5] MODE=LANE_FOLLOW     light=GREEN    lane=STRAIGHT   obstacle=CLEAR  steer=  +0.0 speed= 0.75  16.6Hz
[00:14.2] MODE=LANE_FOLLOW     light=GREEN    lane=STRAIGHT   obstacle=CLEAR  steer=  -0.0 speed= 0.75  15.3Hz
[00:14.9] MODE=OBSTACLE_AVOID  light=GREEN    lane=STRAIGHT   obstacle=RIGHT  steer=  +0.0 speed= 0.65  13.1Hz
[00:15.6] MODE=OBSTACLE_AVOID  light=GREEN    lane=STRAIGHT   obstacle=RIGHT  steer=  +4.8 speed= 0.62  16.0Hz
[00:16.3] MODE=OBSTACLE_AVOID  light=GREEN    lane=STRAIGHT   obstacle=CLEAR  steer=  +1.7 speed= 0.39  13.9Hz
[00:17.0] MODE=OBSTACLE_AVOID  light=GREEN    lane=STRAIGHT   obstacle=CLEAR  steer=  -1.0 speed= 0.57  18.2Hz
[00:17.7] MODE=OBSTACLE_AVOID  light=GREEN    lane=STRAIGHT   obstacle=LEFT   steer=  -0.7 speed= 0.63  16.9Hz
[00:18.4] MODE=OBSTACLE_AVOID  light=GREEN    lane=STRAIGHT   obstacle=LEFT   steer=  -5.4 speed= 0.62  19.1Hz
[00:19.0] MODE=OBSTACLE_AVOID  light=GREEN    lane=STRAIGHT   obstacle=CLEAR  steer=  +0.6 speed= 0.38  17.7Hz
[00:19.7] MODE=OBSTACLE_AVOID  light=GREEN    lane=CORNER     obstacle=CLEAR  steer=  +2.3 speed= 0.54  14.2Hz
[00:20.4] MODE=LANE_FOLLOW     light=GREEN    lane=STRAIGHT   obstacle=CLEAR  steer=  +3.6 speed= 0.75  16.9Hz
[00:21.2] MODE=LANE_FOLLOW     light=GREEN    lane=CORNER     obstacle=CLEAR  steer= +18.8 speed= 0.34  16.0Hz
[00:21.8] MODE=LANE_FOLLOW     light=GREEN    lane=CORNER     obstacle=CLEAR  steer= +20.0 speed= 0.32  16.7Hz
[00:22.5] MODE=LANE_FOLLOW     light=GREEN    lane=CORNER     obstacle=CLEAR  steer= +20.0 speed= 0.32  14.1Hz
[00:23.2] MODE=LANE_FOLLOW     light=GREEN    lane=CORNER     obstacle=CLEAR  steer= +12.8 speed= 0.36   9.8Hz
[00:23.9] MODE=LANE_FOLLOW     light=GREEN    lane=CORNER     obstacle=CLEAR  steer=  +4.9 speed= 0.40  16.4Hz
[00:24.6] MODE=LANE_FOLLOW     light=GREEN    lane=CORNER     obstacle=CLEAR  steer=  +3.5 speed= 0.50  16.8Hz
[00:25.3] MODE=LANE_FOLLOW     light=GREEN    lane=STRAIGHT   obstacle=CLEAR  steer=  +2.4 speed= 0.72  13.5Hz
[00:26.0] MODE=OBSTACLE_AVOID  light=GREEN    lane=STRAIGHT   obstacle=LEFT   steer=  -3.9 speed= 0.63  18.4Hz
[00:26.7] MODE=OBSTACLE_AVOID  light=GREEN    lane=CORNER     obstacle=LEFT   steer= -20.0 speed= 0.58  16.2Hz
[00:27.4] MODE=OBSTACLE_AVOID  light=GREEN    lane=STRAIGHT   obstacle=CLEAR  steer=  -0.2 speed= 0.33  16.3Hz
[00:28.1] MODE=OBSTACLE_AVOID  light=GREEN    lane=STRAIGHT   obstacle=CLEAR  steer=  -1.8 speed= 0.20  15.4Hz
[00:28.8] MODE=OBSTACLE_AVOID  light=GREEN    lane=STRAIGHT   obstacle=CLEAR  steer=  -0.3 speed= 0.57  19.0Hz
[00:29.5] MODE=LANE_FOLLOW     light=GREEN    lane=CORNER     obstacle=CLEAR  steer=  +6.8 speed= 0.65  18.3Hz
[00:30.2] MODE=LANE_FOLLOW     light=GREEN    lane=CORNER     obstacle=CLEAR  steer=  -3.6 speed= 0.50  18.0Hz
[00:30.9] MODE=LANE_FOLLOW     light=GREEN    lane=CORNER     obstacle=CLEAR  steer= +17.2 speed= 0.34  16.8Hz
[00:31.6] MODE=LANE_FOLLOW     light=GREEN    lane=CORNER     obstacle=CLEAR  steer= +20.0 speed= 0.34  17.3Hz
[00:32.3] MODE=LANE_FOLLOW     light=GREEN    lane=CORNER     obstacle=CLEAR  steer= +14.7 speed= 0.34  14.8Hz
[00:32.9] MODE=LANE_FOLLOW     light=GREEN    lane=CORNER     obstacle=CLEAR  steer=  +5.2 speed= 0.50  15.6Hz
[00:33.6] MODE=LANE_FOLLOW     light=GREEN    lane=CORNER     obstacle=CLEAR  steer=  +1.7 speed= 0.50  11.6Hz
[00:34.4] MODE=LANE_FOLLOW     light=GREEN    lane=CORNER     obstacle=CLEAR  steer=  +9.3 speed= 0.44  17.0Hz
[00:35.1] MODE=LANE_FOLLOW     light=GREEN    lane=CORNER     obstacle=CLEAR  steer= +20.0 speed= 0.32  14.1Hz
[00:35.8] MODE=LANE_FOLLOW     light=GREEN    lane=CORNER     obstacle=CLEAR  steer= +15.1 speed= 0.34  18.8Hz
[00:36.5] MODE=LANE_FOLLOW     light=GREEN    lane=CORNER     obstacle=CLEAR  steer=  +5.5 speed= 0.50   9.6Hz
[00:37.2] MODE=OBSTACLE_AVOID  light=GREEN    lane=CORNER     obstacle=LEFT   steer=  +6.6 speed= 0.63  14.9Hz
[00:37.9] MODE=OBSTACLE_AVOID  light=GREEN    lane=CORNER     obstacle=RIGHT  steer=  +9.1 speed= 0.60  15.2Hz
[00:38.6] MODE=OBSTACLE_AVOID  light=GREEN    lane=CORNER     obstacle=CLEAR  steer=  +7.0 speed= 0.34  18.1Hz
[00:39.3] MODE=OBSTACLE_AVOID  light=GREEN    lane=CORNER     obstacle=CLEAR  steer=  -5.2 speed= 0.58  14.2Hz
[00:40.0] MODE=LANE_FOLLOW     light=GREEN    lane=CORNER     obstacle=CLEAR  steer= -20.0 speed= 0.34  18.1Hz
[00:40.7] MODE=LANE_FOLLOW     light=GREEN    lane=CORNER     obstacle=CLEAR  steer= -20.0 speed= 0.34  18.7Hz
[00:41.4] MODE=LANE_FOLLOW     light=GREEN    lane=CORNER     obstacle=CLEAR  steer= -16.0 speed= 0.34  19.3Hz
[00:42.1] MODE=LANE_FOLLOW     light=GREEN    lane=CORNER     obstacle=CLEAR  steer= -15.0 speed= 0.34  15.1Hz
[00:42.8] MODE=LANE_FOLLOW     light=GREEN    lane=CORNER     obstacle=CLEAR  steer=  -8.7 speed= 0.40  14.3Hz
[00:43.5] MODE=LANE_FOLLOW     light=GREEN    lane=STRAIGHT   obstacle=CLEAR  steer=  -4.8 speed= 0.54  13.6Hz
[00:44.2] MODE=LANE_FOLLOW     light=GREEN    lane=CORNER     obstacle=CLEAR  steer=  +0.1 speed= 0.50  14.0Hz
[00:44.9] MODE=LANE_FOLLOW     light=GREEN    lane=CORNER     obstacle=CLEAR  steer= +11.8 speed= 0.36  16.5Hz
[00:45.6] MODE=LANE_FOLLOW     light=GREEN    lane=CORNER     obstacle=CLEAR  steer= +18.3 speed= 0.34  15.0Hz
[00:46.3] MODE=LANE_FOLLOW     light=GREEN    lane=CORNER     obstacle=CLEAR  steer=  +9.1 speed= 0.36  14.9Hz
[00:47.0] MODE=LANE_FOLLOW     light=GREEN    lane=CORNER     obstacle=CLEAR  steer=  +2.9 speed= 0.50  17.6Hz
[00:47.7] MODE=LANE_FOLLOW     light=GREEN    lane=CORNER     obstacle=CLEAR  steer= -15.0 speed= 0.34  19.6Hz
[00:48.4] MODE=LANE_FOLLOW     light=GREEN    lane=CORNER     obstacle=CLEAR  steer= -15.7 speed= 0.34  19.8Hz
[00:49.1] MODE=LANE_FOLLOW     light=GREEN    lane=CORNER     obstacle=CLEAR  steer=  -8.1 speed= 0.40  13.9Hz
[00:49.8] MODE=LANE_FOLLOW     light=GREEN    lane=CORNER     obstacle=CLEAR  steer=  -2.9 speed= 0.44  13.3Hz
[00:50.5] MODE=LANE_FOLLOW     light=GREEN    lane=CORNER     obstacle=CLEAR  steer=  -0.4 speed= 0.69  14.6Hz
[00:51.3] MODE=LANE_FOLLOW     light=GREEN    lane=CORNER     obstacle=CLEAR  steer=  +9.3 speed= 0.52  17.0Hz
[00:52.0] MODE=OBSTACLE_AVOID  light=GREEN    lane=CORNER     obstacle=RIGHT  steer= -20.0 speed= 0.49  16.6Hz
[00:52.8] MODE=OBSTACLE_AVOID  light=GREEN    lane=CORNER     obstacle=CLEAR  steer= +13.4 speed= 0.41  13.5Hz
[00:53.6] MODE=OBSTACLE_AVOID  light=GREEN    lane=CORNER     obstacle=CLEAR  steer=  +4.5 speed= 0.58  10.7Hz
[00:54.3] MODE=LANE_FOLLOW     light=GREEN    lane=CORNER     obstacle=CLEAR  steer=  +5.6 speed= 0.50  15.3Hz
[00:55.1] MODE=LANE_FOLLOW     light=GREEN    lane=CORNER     obstacle=CLEAR  steer= -11.7 speed= 0.36  16.4Hz
[00:55.7] MODE=LANE_FOLLOW     light=GREEN    lane=CORNER     obstacle=CLEAR  steer= -19.9 speed= 0.34  17.6Hz
[00:56.4] MODE=LANE_FOLLOW     light=GREEN    lane=CORNER     obstacle=CLEAR  steer= -15.9 speed= 0.34  16.6Hz
[00:57.1] MODE=LANE_FOLLOW     light=GREEN    lane=CORNER     obstacle=CLEAR  steer=  -4.8 speed= 0.65  11.0Hz
[00:57.9] MODE=LANE_FOLLOW     light=GREEN    lane=CORNER     obstacle=CLEAR  steer= +18.3 speed= 0.34  12.3Hz
[00:58.6] MODE=LANE_FOLLOW     light=GREEN    lane=CORNER     obstacle=CLEAR  steer= +12.3 speed= 0.36  15.7Hz
[00:59.3] MODE=LANE_FOLLOW     light=GREEN    lane=CORNER     obstacle=CLEAR  steer= +11.4 speed= 0.36  13.3Hz
[00:59.9] MODE=LANE_FOLLOW     light=GREEN    lane=CORNER     obstacle=CLEAR  steer= +19.9 speed= 0.32  15.2Hz
[01:00.6] MODE=OBSTACLE_AVOID  light=GREEN    lane=CORNER     obstacle=LEFT   steer= +14.2 speed= 0.64  16.2Hz
[01:01.3] MODE=OBSTACLE_AVOID  light=GREEN    lane=CORNER     obstacle=LEFT   steer=  +1.7 speed= 0.45  13.4Hz
[01:02.0] MODE=OBSTACLE_AVOID  light=GREEN    lane=CORNER     obstacle=CLEAR  steer=  +3.0 speed= 0.27  14.3Hz
[01:02.7] MODE=OBSTACLE_AVOID  light=GREEN    lane=CORNER     obstacle=CLEAR  steer=  +1.2 speed= 0.47  15.1Hz
[01:03.5] MODE=OBSTACLE_AVOID  light=GREEN    lane=CORNER     obstacle=CLEAR  steer=  +7.6 speed= 0.61  14.9Hz
[01:04.2] MODE=LANE_FOLLOW     light=GREEN    lane=CORNER     obstacle=CLEAR  steer=  +8.9 speed= 0.37  13.3Hz
[01:04.9] MODE=LANE_FOLLOW     light=GREEN    lane=CORNER     obstacle=CLEAR  steer= -18.5 speed= 0.34  13.8Hz
[01:05.7] MODE=LANE_FOLLOW     light=GREEN    lane=CORNER     obstacle=CLEAR  steer= +20.0 speed= 0.34  16.4Hz
[01:06.3] MODE=LANE_FOLLOW     light=GREEN    lane=STRAIGHT   obstacle=CLEAR  steer= +14.3 speed= 0.34  16.5Hz
[01:07.1] MODE=LANE_FOLLOW     light=GREEN    lane=CORNER     obstacle=CLEAR  steer= -14.7 speed= 0.52  13.4Hz
[01:07.8] MODE=LANE_FOLLOW     light=GREEN    lane=CORNER     obstacle=CLEAR  steer=  +8.1 speed= 0.34  12.3Hz
[01:08.5] MODE=LANE_FOLLOW     light=GREEN    lane=STRAIGHT   obstacle=CLEAR  steer=  -2.5 speed= 0.58  14.7Hz
[01:09.2] MODE=LANE_FOLLOW     light=GREEN    lane=STRAIGHT   obstacle=CLEAR  steer=  -0.0 speed= 0.75  16.8Hz
[01:09.9] MODE=LANE_FOLLOW     light=GREEN    lane=STRAIGHT   obstacle=CLEAR  steer=  -0.0 speed= 0.75  14.9Hz
[01:10.6] MODE=LANE_FOLLOW     light=GREEN    lane=STRAIGHT   obstacle=CLEAR  steer=  +1.6 speed= 0.75  12.6Hz
[01:11.3] MODE=LANE_FOLLOW     light=GREEN    lane=CORNER     obstacle=CLEAR  steer= +19.9 speed= 0.32  17.8Hz
[01:12.0] MODE=LANE_FOLLOW     light=GREEN    lane=CORNER     obstacle=CLEAR  steer= +20.0 speed= 0.32  14.9Hz
[01:12.7] MODE=LANE_FOLLOW     light=GREEN    lane=CORNER     obstacle=CLEAR  steer= +20.0 speed= 0.34  17.9Hz
[01:13.4] MODE=LANE_FOLLOW     light=GREEN    lane=CORNER     obstacle=CLEAR  steer= +18.0 speed= 0.34  16.4Hz
[01:14.1] MODE=LANE_FOLLOW     light=GREEN    lane=STRAIGHT   obstacle=CLEAR  steer=  -0.6 speed= 0.75  14.9Hz
[01:14.8] MODE=LANE_FOLLOW     light=GREEN    lane=STRAIGHT   obstacle=CLEAR  steer=  -0.0 speed= 0.75  14.8Hz
[01:15.5] MODE=LANE_FOLLOW     light=GREEN    lane=STRAIGHT   obstacle=CLEAR  steer=  +0.1 speed= 0.75  15.7Hz
[01:16.3] MODE=LANE_FOLLOW     light=GREEN    lane=STRAIGHT   obstacle=CLEAR  steer=  +0.0 speed= 0.75  12.2Hz
[01:16.9] MODE=LANE_FOLLOW     light=GREEN    lane=STRAIGHT   obstacle=CLEAR  steer=  +0.0 speed= 0.75  14.3Hz
[01:17.7] MODE=LANE_FOLLOW     light=GREEN    lane=STRAIGHT   obstacle=CLEAR  steer=  -0.0 speed= 0.75  14.3Hz
[01:18.4] MODE=LANE_FOLLOW     light=GREEN    lane=STRAIGHT   obstacle=CLEAR  steer=  +0.0 speed= 0.75  14.7Hz
[01:19.1] MODE=LANE_FOLLOW     light=GREEN    lane=STRAIGHT   obstacle=CLEAR  steer=  +0.0 speed= 0.75  19.0Hz
[01:19.8] MODE=LANE_FOLLOW     light=GREEN    lane=STRAIGHT   obstacle=CLEAR  steer=  +0.0 speed= 0.75  14.5Hz
[01:20.4] MODE=LANE_FOLLOW     light=GREEN    lane=STRAIGHT   obstacle=CLEAR  steer=  +0.0 speed= 0.75  18.2Hz
[01:21.1] MODE=LANE_FOLLOW     light=GREEN    lane=STRAIGHT   obstacle=CLEAR  steer=  +0.0 speed= 0.75  18.1Hz
[01:22.0] MODE=OBSTACLE_AVOID  light=GREEN    lane=STRAIGHT   obstacle=RIGHT  steer=  -0.0 speed= 0.64  15.9Hz
[01:22.7] MODE=OBSTACLE_AVOID  light=GREEN    lane=STRAIGHT   obstacle=RIGHT  steer=  -5.8 speed= 0.52  13.2Hz
[01:23.4] MODE=OBSTACLE_AVOID  light=GREEN    lane=STRAIGHT   obstacle=CLEAR  steer=  +2.2 speed= 0.38  15.3Hz
[01:24.1] MODE=OBSTACLE_AVOID  light=GREEN    lane=STRAIGHT   obstacle=CLEAR  steer=  -1.1 speed= 0.61  14.6Hz
[01:24.8] MODE=OBSTACLE_AVOID  light=GREEN    lane=STRAIGHT   obstacle=LEFT   steer=  -0.2 speed= 0.64  19.6Hz
[01:25.5] MODE=OBSTACLE_AVOID  light=GREEN    lane=CORNER     obstacle=LEFT   steer=  +8.1 speed= 0.50  14.2Hz
[01:26.2] MODE=OBSTACLE_AVOID  light=GREEN    lane=CORNER     obstacle=CLEAR  steer=  -0.1 speed= 0.45  15.8Hz
[01:26.9] MODE=OBSTACLE_AVOID  light=GREEN    lane=CORNER     obstacle=CLEAR  steer=  +3.1 speed= 0.60  14.9Hz
[01:27.6] MODE=LANE_FOLLOW     light=GREEN    lane=CORNER     obstacle=CLEAR  steer=  +6.7 speed= 0.40  19.7Hz
[01:28.3] MODE=LANE_FOLLOW     light=GREEN    lane=CORNER     obstacle=CLEAR  steer= +19.9 speed= 0.34  15.7Hz
[01:29.0] MODE=LANE_FOLLOW     light=GREEN    lane=CORNER     obstacle=CLEAR  steer= +20.0 speed= 0.32  17.4Hz
[01:29.7] MODE=LANE_FOLLOW     light=GREEN    lane=CORNER     obstacle=CLEAR  steer= +14.5 speed= 0.34  14.1Hz
[01:30.4] MODE=LANE_FOLLOW     light=GREEN    lane=CORNER     obstacle=CLEAR  steer=  +6.9 speed= 0.40  17.0Hz
[01:31.1] MODE=LANE_FOLLOW     light=GREEN    lane=CORNER     obstacle=CLEAR  steer=  +5.5 speed= 0.50  17.4Hz
[01:31.8] MODE=LANE_FOLLOW     light=GREEN    lane=CORNER     obstacle=CLEAR  steer=  +2.2 speed= 0.50  14.2Hz
[01:32.5] MODE=OBSTACLE_AVOID  light=GREEN    lane=STRAIGHT   obstacle=LEFT   steer=  -0.1 speed= 0.75  16.8Hz
[01:33.2] MODE=OBSTACLE_AVOID  light=GREEN    lane=CORNER     obstacle=LEFT   steer=  -4.2 speed= 0.64  16.0Hz
[01:33.9] MODE=OBSTACLE_AVOID  light=GREEN    lane=STRAIGHT   obstacle=CLEAR  steer=  +0.5 speed= 0.42  10.8Hz
[01:34.7] MODE=OBSTACLE_AVOID  light=GREEN    lane=STRAIGHT   obstacle=CLEAR  steer=  -1.3 speed= 0.22  13.2Hz
[01:35.4] MODE=OBSTACLE_AVOID  light=GREEN    lane=STRAIGHT   obstacle=CLEAR  steer=  -0.3 speed= 0.54  15.6Hz
[01:36.1] MODE=LANE_FOLLOW     light=GREEN    lane=STRAIGHT   obstacle=CLEAR  steer=  +9.2 speed= 0.38  14.0Hz
[01:36.8] MODE=LANE_FOLLOW     light=GREEN    lane=CORNER     obstacle=CLEAR  steer=  -3.8 speed= 0.50  13.5Hz
[01:37.5] MODE=LANE_FOLLOW     light=GREEN    lane=CORNER     obstacle=CLEAR  steer=  +2.9 speed= 0.44  14.4Hz
[01:38.1] MODE=LANE_FOLLOW     light=GREEN    lane=CORNER     obstacle=CLEAR  steer= +19.7 speed= 0.32  15.1Hz
[01:38.8] MODE=LANE_FOLLOW     light=GREEN    lane=CORNER     obstacle=CLEAR  steer= +20.0 speed= 0.34  14.2Hz
[01:39.5] MODE=LANE_FOLLOW     light=GREEN    lane=CORNER     obstacle=CLEAR  steer= +10.9 speed= 0.36  12.8Hz
[01:40.2] MODE=LANE_FOLLOW     light=GREEN    lane=CORNER     obstacle=CLEAR  steer=  +2.7 speed= 0.50  12.6Hz
[01:40.9] MODE=LANE_FOLLOW     light=GREEN    lane=CORNER     obstacle=CLEAR  steer=  +1.7 speed= 0.50  14.0Hz
[01:41.6] MODE=LANE_FOLLOW     light=GREEN    lane=CORNER     obstacle=CLEAR  steer= +10.5 speed= 0.36  17.4Hz
[01:42.3] MODE=LANE_FOLLOW     light=GREEN    lane=CORNER     obstacle=CLEAR  steer= +20.0 speed= 0.34  13.4Hz
[01:43.0] MODE=LANE_FOLLOW     light=GREEN    lane=CORNER     obstacle=CLEAR  steer= +10.8 speed= 0.36  16.0Hz
[01:43.7] MODE=LANE_FOLLOW     light=GREEN    lane=CORNER     obstacle=CLEAR  steer=  +2.9 speed= 0.50  14.6Hz
[01:44.4] MODE=LANE_FOLLOW     light=GREEN    lane=CORNER     obstacle=CLEAR  steer=  +8.2 speed= 0.58  16.9Hz
[01:45.1] MODE=OBSTACLE_AVOID  light=GREEN    lane=CORNER     obstacle=RIGHT  steer=  +2.7 speed= 0.49  16.2Hz
[01:45.8] MODE=OBSTACLE_AVOID  light=GREEN    lane=CORNER     obstacle=CLEAR  steer=  +0.9 speed= 0.41  17.2Hz
[01:46.6] MODE=OBSTACLE_AVOID  light=GREEN    lane=CORNER     obstacle=CLEAR  steer= -15.3 speed= 0.59  18.7Hz
[01:47.3] MODE=LANE_FOLLOW     light=GREEN    lane=CORNER     obstacle=CLEAR  steer= -20.0 speed= 0.34  13.5Hz
[01:48.0] MODE=LANE_FOLLOW     light=GREEN    lane=CORNER     obstacle=CLEAR  steer= -20.0 speed= 0.34  15.0Hz
[01:48.7] MODE=LANE_FOLLOW     light=GREEN    lane=CORNER     obstacle=CLEAR  steer= -17.1 speed= 0.34  17.9Hz
[01:49.4] MODE=LANE_FOLLOW     light=GREEN    lane=CORNER     obstacle=CLEAR  steer= -10.5 speed= 0.36  16.8Hz
[01:50.0] MODE=LANE_FOLLOW     light=GREEN    lane=CORNER     obstacle=CLEAR  steer=  -5.7 speed= 0.40  17.3Hz
[01:50.8] MODE=LANE_FOLLOW     light=GREEN    lane=STRAIGHT   obstacle=CLEAR  steer=  -3.6 speed= 0.68  11.6Hz
[01:51.5] MODE=LANE_FOLLOW     light=GREEN    lane=CORNER     obstacle=CLEAR  steer=  +1.4 speed= 0.50  15.9Hz
[01:52.1] MODE=LANE_FOLLOW     light=GREEN    lane=CORNER     obstacle=CLEAR  steer= +19.1 speed= 0.34  16.2Hz
[01:52.8] MODE=LANE_FOLLOW     light=GREEN    lane=CORNER     obstacle=CLEAR  steer= +12.7 speed= 0.36  16.2Hz
[01:53.5] MODE=LANE_FOLLOW     light=GREEN    lane=STRAIGHT   obstacle=CLEAR  steer=  +5.2 speed= 0.59  14.4Hz
[01:54.2] MODE=LANE_FOLLOW     light=GREEN    lane=CORNER     obstacle=CLEAR  steer=  -6.6 speed= 0.44  17.9Hz
[01:54.9] MODE=LANE_FOLLOW     light=GREEN    lane=CORNER     obstacle=CLEAR  steer= -18.6 speed= 0.34  17.7Hz
[01:55.7] MODE=LANE_FOLLOW     light=GREEN    lane=CORNER     obstacle=CLEAR  steer= -11.8 speed= 0.36  14.7Hz
[01:56.5] MODE=LANE_FOLLOW     light=GREEN    lane=CORNER     obstacle=CLEAR  steer=  -3.6 speed= 0.40  10.7Hz
[01:57.3] MODE=LANE_FOLLOW     light=GREEN    lane=STRAIGHT   obstacle=CLEAR  steer=  -4.8 speed= 0.52  14.1Hz
[01:58.0] MODE=OBSTACLE_AVOID  light=GREEN    lane=CORNER     obstacle=LEFT   steer=  +6.2 speed= 0.64  16.0Hz
[01:58.7] MODE=OBSTACLE_AVOID  light=GREEN    lane=CORNER     obstacle=RIGHT  steer= +10.9 speed= 0.59  16.2Hz
[01:59.5] MODE=OBSTACLE_AVOID  light=GREEN    lane=CORNER     obstacle=CLEAR  steer= +13.6 speed= 0.34  13.8Hz
[02:00.2] MODE=OBSTACLE_AVOID  light=GREEN    lane=CORNER     obstacle=CLEAR  steer=  +6.5 speed= 0.50  17.1Hz
[02:00.9] MODE=LANE_FOLLOW     light=GREEN    lane=CORNER     obstacle=CLEAR  steer=  +8.3 speed= 0.50  14.3Hz
[02:01.6] MODE=LANE_FOLLOW     light=GREEN    lane=CORNER     obstacle=CLEAR  steer=  +4.6 speed= 0.50  16.5Hz
[02:02.2] MODE=LANE_FOLLOW     light=GREEN    lane=CORNER     obstacle=CLEAR  steer= -17.6 speed= 0.34  19.0Hz
[02:02.9] MODE=LANE_FOLLOW     light=GREEN    lane=CORNER     obstacle=CLEAR  steer= -20.0 speed= 0.34  15.3Hz
[02:03.7] MODE=LANE_FOLLOW     light=GREEN    lane=CORNER     obstacle=CLEAR  steer=  -8.6 speed= 0.40   9.9Hz
[02:04.4] MODE=LANE_FOLLOW     light=GREEN    lane=CORNER     obstacle=CLEAR  steer=  +7.8 speed= 0.44  17.3Hz
[02:05.1] MODE=LANE_FOLLOW     light=GREEN    lane=CORNER     obstacle=CLEAR  steer= +14.9 speed= 0.34  16.1Hz
[02:05.7] MODE=LANE_FOLLOW     light=GREEN    lane=CORNER     obstacle=CLEAR  steer=  +9.8 speed= 0.36  17.9Hz
[02:06.4] MODE=LANE_FOLLOW     light=GREEN    lane=CORNER     obstacle=CLEAR  steer= +11.6 speed= 0.36  17.2Hz
[02:07.2] MODE=LANE_FOLLOW     light=GREEN    lane=CORNER     obstacle=CLEAR  steer= +20.0 speed= 0.32  15.2Hz
[02:07.8] MODE=OBSTACLE_AVOID  light=GREEN    lane=CORNER     obstacle=LEFT   steer=  +8.0 speed= 0.60  19.6Hz
[02:08.6] MODE=OBSTACLE_AVOID  light=GREEN    lane=CORNER     obstacle=CLEAR  steer=  +8.1 speed= 0.36  15.7Hz
[02:09.3] MODE=OBSTACLE_AVOID  light=GREEN    lane=CORNER     obstacle=CLEAR  steer=  +5.5 speed= 0.44  15.4Hz
[02:10.0] MODE=OBSTACLE_AVOID  light=GREEN    lane=CORNER     obstacle=CLEAR  steer= +17.5 speed= 0.61  14.4Hz
[02:10.8] MODE=LANE_FOLLOW     light=GREEN    lane=CORNER     obstacle=CLEAR  steer= -14.6 speed= 0.38  13.1Hz
[02:11.5] MODE=LANE_FOLLOW     light=GREEN    lane=CORNER     obstacle=CLEAR  steer= -16.9 speed= 0.34  12.5Hz
[02:12.1] MODE=LANE_FOLLOW     light=GREEN    lane=CORNER     obstacle=CLEAR  steer=  +4.7 speed= 0.40  15.4Hz
[02:12.8] MODE=LANE_FOLLOW     light=GREEN    lane=CORNER     obstacle=CLEAR  steer= +18.8 speed= 0.34  15.1Hz
[02:13.5] MODE=LANE_FOLLOW     light=GREEN    lane=CORNER     obstacle=CLEAR  steer=  -9.4 speed= 0.34  16.0Hz
[02:14.2] MODE=LANE_FOLLOW     light=GREEN    lane=CORNER     obstacle=CLEAR  steer= -11.1 speed= 0.32  16.0Hz
[02:14.9] MODE=LANE_FOLLOW     light=GREEN    lane=CORNER     obstacle=CLEAR  steer=  -9.1 speed= 0.32  12.6Hz
[02:15.6] MODE=LANE_FOLLOW     light=GREEN    lane=CORNER     obstacle=CLEAR  steer=  -8.8 speed= 0.34  16.0Hz
[02:16.3] MODE=LANE_FOLLOW     light=GREEN    lane=CORNER     obstacle=CLEAR  steer= -19.3 speed= 0.34  16.1Hz
[02:17.0] MODE=LANE_FOLLOW     light=GREEN    lane=STRAIGHT   obstacle=CLEAR  steer=  -2.0 speed= 0.75  14.4Hz
[02:17.7] MODE=LANE_FOLLOW     light=GREEN    lane=STRAIGHT   obstacle=CLEAR  steer=  -0.2 speed= 0.75  16.7Hz
[02:18.4] MODE=LANE_FOLLOW     light=GREEN    lane=CORNER     obstacle=CLEAR  steer=  +1.0 speed= 0.69  13.3Hz
[02:19.1] MODE=LANE_FOLLOW     light=GREEN    lane=CORNER     obstacle=CLEAR  steer=  +7.0 speed= 0.40  14.7Hz
[02:19.8] MODE=LANE_FOLLOW     light=GREEN    lane=CORNER     obstacle=CLEAR  steer= +20.0 speed= 0.32  15.3Hz
[02:20.5] MODE=LANE_FOLLOW     light=GREEN    lane=CORNER     obstacle=CLEAR  steer= +20.0 speed= 0.32  10.2Hz
[02:21.2] MODE=LANE_FOLLOW     light=GREEN    lane=CORNER     obstacle=CLEAR  steer= +19.6 speed= 0.34  15.4Hz
[02:21.9] MODE=LANE_FOLLOW     light=GREEN    lane=STRAIGHT   obstacle=CLEAR  steer=  +2.9 speed= 0.74  13.1Hz
[02:22.6] MODE=LANE_FOLLOW     light=GREEN    lane=STRAIGHT   obstacle=CLEAR  steer=  +0.2 speed= 0.75  15.2Hz
[02:23.3] MODE=LANE_FOLLOW     light=GREEN    lane=STRAIGHT   obstacle=CLEAR  steer=  +0.3 speed= 0.75  16.3Hz
[02:24.0] MODE=LANE_FOLLOW     light=GREEN    lane=STRAIGHT   obstacle=CLEAR  steer=  +0.2 speed= 0.75  15.5Hz
[02:24.7] MODE=LANE_FOLLOW     light=GREEN    lane=STRAIGHT   obstacle=CLEAR  steer=  +0.0 speed= 0.75  15.4Hz
[02:25.4] MODE=LANE_FOLLOW     light=GREEN    lane=STRAIGHT   obstacle=CLEAR  steer=  +0.0 speed= 0.75  14.9Hz
[02:26.1] MODE=LANE_FOLLOW     light=GREEN    lane=STRAIGHT   obstacle=CLEAR  steer=  +0.0 speed= 0.75  18.6Hz
[02:26.7] MODE=LANE_FOLLOW     light=GREEN    lane=STRAIGHT   obstacle=CLEAR  steer=  +0.0 speed= 0.75  15.1Hz
[02:27.4] MODE=LANE_FOLLOW     light=GREEN    lane=STRAIGHT   obstacle=CLEAR  steer=  -0.0 speed= 0.75  17.6Hz
[02:28.1] MODE=LANE_FOLLOW     light=GREEN    lane=STRAIGHT   obstacle=CLEAR  steer=  +0.0 speed= 0.75  16.8Hz
[02:28.8] MODE=LANE_FOLLOW     light=GREEN    lane=STRAIGHT   obstacle=CLEAR  steer=  +0.0 speed= 0.75  13.6Hz
[02:29.5] MODE=OBSTACLE_AVOID  light=GREEN    lane=STRAIGHT   obstacle=RIGHT  steer=  +0.0 speed= 0.75  15.9Hz
[02:30.2] MODE=OBSTACLE_AVOID  light=GREEN    lane=STRAIGHT   obstacle=RIGHT  steer=  +0.8 speed= 0.65  16.4Hz
[02:31.0] MODE=OBSTACLE_AVOID  light=GREEN    lane=STRAIGHT   obstacle=CLEAR  steer=  +0.6 speed= 0.42  15.8Hz
[02:31.7] MODE=OBSTACLE_AVOID  light=GREEN    lane=STRAIGHT   obstacle=CLEAR  steer=  -1.1 speed= 0.57  15.7Hz
[02:32.4] MODE=OBSTACLE_AVOID  light=GREEN    lane=STRAIGHT   obstacle=LEFT   steer=  -0.4 speed= 0.63  16.4Hz
[02:33.1] MODE=OBSTACLE_AVOID  light=GREEN    lane=STRAIGHT   obstacle=LEFT   steer=  -7.2 speed= 0.62  15.4Hz
[02:33.8] MODE=OBSTACLE_AVOID  light=GREEN    lane=STRAIGHT   obstacle=CLEAR  steer=  -1.1 speed= 0.38  14.8Hz
[02:34.5] MODE=OBSTACLE_AVOID  light=GREEN    lane=CORNER     obstacle=CLEAR  steer=  +3.1 speed= 0.47  12.6Hz
[02:35.2] MODE=LANE_FOLLOW     light=GREEN    lane=CORNER     obstacle=CLEAR  steer=  +6.7 speed= 0.56  15.2Hz
[02:35.8] MODE=LANE_FOLLOW     light=GREEN    lane=CORNER     obstacle=CLEAR  steer=  +6.7 speed= 0.40  16.6Hz
[02:36.5] MODE=LANE_FOLLOW     light=GREEN    lane=CORNER     obstacle=CLEAR  steer= +20.0 speed= 0.32  18.5Hz
[02:37.2] MODE=LANE_FOLLOW     light=GREEN    lane=CORNER     obstacle=CLEAR  steer= +20.0 speed= 0.34  16.6Hz
[02:37.9] MODE=LANE_FOLLOW     light=GREEN    lane=CORNER     obstacle=CLEAR  steer= +14.9 speed= 0.34  18.8Hz
[02:38.6] MODE=LANE_FOLLOW     light=GREEN    lane=CORNER     obstacle=CLEAR  steer=  +6.9 speed= 0.40  13.4Hz
[02:39.3] MODE=LANE_FOLLOW     light=GREEN    lane=CORNER     obstacle=CLEAR  steer=  +5.2 speed= 0.50  15.9Hz
[02:40.0] MODE=LANE_FOLLOW     light=GREEN    lane=STRAIGHT   obstacle=CLEAR  steer=  +2.8 speed= 0.70  18.2Hz
[02:40.7] MODE=OBSTACLE_AVOID  light=GREEN    lane=STRAIGHT   obstacle=LEFT   steer=  -0.8 speed= 0.75  14.6Hz
[02:41.4] MODE=OBSTACLE_AVOID  light=GREEN    lane=CORNER     obstacle=LEFT   steer=  -4.1 speed= 0.63  14.9Hz
[02:42.1] MODE=OBSTACLE_AVOID  light=GREEN    lane=STRAIGHT   obstacle=CLEAR  steer=  -3.4 speed= 0.41  19.4Hz
[02:42.8] MODE=OBSTACLE_AVOID  light=GREEN    lane=STRAIGHT   obstacle=CLEAR  steer=  +0.0 speed= 0.55  15.2Hz
[02:43.4] MODE=LANE_FOLLOW     light=GREEN    lane=STRAIGHT   obstacle=CLEAR  steer=  +0.3 speed= 0.75  16.0Hz
[02:44.2] MODE=LANE_FOLLOW     light=GREEN    lane=CORNER     obstacle=CLEAR  steer=  -0.8 speed= 0.50  14.8Hz
[02:44.8] MODE=LANE_FOLLOW     light=GREEN    lane=CORNER     obstacle=CLEAR  steer=  +6.4 speed= 0.40  16.2Hz
[02:45.5] MODE=LANE_FOLLOW     light=GREEN    lane=CORNER     obstacle=CLEAR  steer= +19.6 speed= 0.32  14.1Hz
[02:46.2] MODE=LANE_FOLLOW     light=GREEN    lane=CORNER     obstacle=CLEAR  steer= +20.0 speed= 0.34  13.5Hz
[02:46.9] MODE=LANE_FOLLOW     light=GREEN    lane=CORNER     obstacle=CLEAR  steer=  +8.5 speed= 0.42  13.5Hz
[02:47.6] MODE=LANE_FOLLOW     light=GREEN    lane=CORNER     obstacle=CLEAR  steer=  +2.7 speed= 0.50  16.8Hz
[02:48.3] MODE=LANE_FOLLOW     light=GREEN    lane=CORNER     obstacle=CLEAR  steer=  +2.7 speed= 0.47  17.4Hz
[02:49.0] MODE=LANE_FOLLOW     light=GREEN    lane=CORNER     obstacle=CLEAR  steer= +17.9 speed= 0.32  18.4Hz
[02:49.7] MODE=LANE_FOLLOW     light=GREEN    lane=CORNER     obstacle=CLEAR  steer= +19.4 speed= 0.34  15.8Hz
[02:50.4] MODE=LANE_FOLLOW     light=GREEN    lane=CORNER     obstacle=CLEAR  steer=  +9.4 speed= 0.36  16.5Hz
[02:51.1] MODE=OBSTACLE_AVOID  light=GREEN    lane=CORNER     obstacle=LEFT   steer=  +2.5 speed= 0.50  16.1Hz
[02:51.8] MODE=LANE_FOLLOW     light=GREEN    lane=CORNER     obstacle=CLEAR  steer=  +8.3 speed= 0.52  11.8Hz
[02:52.5] MODE=OBSTACLE_AVOID  light=GREEN    lane=CORNER     obstacle=CLEAR  steer=  +1.3 speed= 0.47  13.0Hz
[02:53.2] MODE=OBSTACLE_AVOID  light=GREEN    lane=CORNER     obstacle=CLEAR  steer=  -0.4 speed= 0.40  17.7Hz
[02:53.9] MODE=OBSTACLE_AVOID  light=GREEN    lane=CORNER     obstacle=CLEAR  steer= -13.2 speed= 0.57  16.3Hz
[02:54.6] MODE=LANE_FOLLOW     light=GREEN    lane=CORNER     obstacle=CLEAR  steer= -20.0 speed= 0.34  17.9Hz
[02:55.3] MODE=LANE_FOLLOW     light=GREEN    lane=CORNER     obstacle=CLEAR  steer= -19.7 speed= 0.34  19.0Hz
[02:55.9] MODE=LANE_FOLLOW     light=GREEN    lane=CORNER     obstacle=CLEAR  steer= -16.0 speed= 0.34  17.3Hz
[02:56.6] MODE=LANE_FOLLOW     light=GREEN    lane=CORNER     obstacle=CLEAR  steer= -10.6 speed= 0.36  17.4Hz
[02:57.4] MODE=LANE_FOLLOW     light=GREEN    lane=CORNER     obstacle=CLEAR  steer=  -5.4 speed= 0.40  15.7Hz
[02:58.0] MODE=LANE_FOLLOW     light=GREEN    lane=CORNER     obstacle=CLEAR  steer=  -2.6 speed= 0.61  17.0Hz
[02:58.7] MODE=LANE_FOLLOW     light=GREEN    lane=CORNER     obstacle=CLEAR  steer=  +1.3 speed= 0.50  18.3Hz
[02:59.5] MODE=LANE_FOLLOW     light=GREEN    lane=CORNER     obstacle=CLEAR  steer= +16.5 speed= 0.34  12.9Hz
[03:00.3] MODE=LANE_FOLLOW     light=GREEN    lane=CORNER     obstacle=CLEAR  steer= +13.5 speed= 0.34  17.5Hz
[03:01.1] MODE=LANE_FOLLOW     light=GREEN    lane=STRAIGHT   obstacle=CLEAR  steer=  +4.9 speed= 0.62  11.7Hz
[03:01.9] MODE=LANE_FOLLOW     light=GREEN    lane=CORNER     obstacle=CLEAR  steer= -10.5 speed= 0.38  13.1Hz
[03:02.6] MODE=LANE_FOLLOW     light=GREEN    lane=CORNER     obstacle=CLEAR  steer= -17.6 speed= 0.34  14.0Hz
[03:03.3] MODE=LANE_FOLLOW     light=GREEN    lane=CORNER     obstacle=CLEAR  steer= -11.8 speed= 0.36  15.0Hz
[03:03.9] MODE=LANE_FOLLOW     light=GREEN    lane=CORNER     obstacle=CLEAR  steer=  -5.4 speed= 0.40  16.6Hz
[03:04.6] MODE=LANE_FOLLOW     light=GREEN    lane=CORNER     obstacle=CLEAR  steer=  -2.8 speed= 0.52  15.6Hz
[03:05.3] MODE=OBSTACLE_AVOID  light=GREEN    lane=CORNER     obstacle=LEFT   steer=  +5.5 speed= 0.64  17.6Hz
[03:06.0] MODE=OBSTACLE_AVOID  light=GREEN    lane=CORNER     obstacle=RIGHT  steer= +20.0 speed= 0.59  15.9Hz
[03:06.7] MODE=OBSTACLE_AVOID  light=GREEN    lane=CORNER     obstacle=CLEAR  steer=  +7.5 speed= 0.55  18.1Hz
[03:07.4] MODE=LANE_FOLLOW     light=GREEN    lane=CORNER     obstacle=CLEAR  steer=  +9.0 speed= 0.38  16.3Hz
[03:08.2] MODE=LANE_FOLLOW     light=GREEN    lane=CORNER     obstacle=CLEAR  steer=  +7.6 speed= 0.48  18.4Hz
[03:08.9] MODE=LANE_FOLLOW     light=GREEN    lane=CORNER     obstacle=CLEAR  steer=  +1.0 speed= 0.44  16.2Hz
[03:09.5] MODE=LANE_FOLLOW     light=GREEN    lane=CORNER     obstacle=CLEAR  steer= -20.0 speed= 0.34  16.6Hz
[03:10.2] MODE=LANE_FOLLOW     light=GREEN    lane=CORNER     obstacle=CLEAR  steer= -18.9 speed= 0.34  16.6Hz
[03:10.9] MODE=LANE_FOLLOW     light=GREEN    lane=STRAIGHT   obstacle=CLEAR  steer=  -7.6 speed= 0.49  17.5Hz
[03:11.6] MODE=LANE_FOLLOW     light=GREEN    lane=CORNER     obstacle=CLEAR  steer=  +8.6 speed= 0.42  18.4Hz
[03:12.3] MODE=LANE_FOLLOW     light=GREEN    lane=CORNER     obstacle=CLEAR  steer= +16.0 speed= 0.34  18.5Hz
[03:13.0] MODE=LANE_FOLLOW     light=GREEN    lane=CORNER     obstacle=CLEAR  steer=  +8.9 speed= 0.36  12.0Hz
[03:13.7] MODE=LANE_FOLLOW     light=GREEN    lane=CORNER     obstacle=CLEAR  steer= +11.4 speed= 0.36  17.2Hz
[03:14.4] MODE=LANE_FOLLOW     light=GREEN    lane=CORNER     obstacle=CLEAR  steer= +10.8 speed= 0.63  16.6Hz
[03:15.1] MODE=OBSTACLE_AVOID  light=GREEN    lane=CORNER     obstacle=LEFT   steer=  +6.7 speed= 0.61  15.5Hz
[03:15.8] MODE=OBSTACLE_AVOID  light=GREEN    lane=CORNER     obstacle=CLEAR  steer=  +8.0 speed= 0.35  17.2Hz
[03:16.5] MODE=OBSTACLE_AVOID  light=GREEN    lane=CORNER     obstacle=CLEAR  steer=  +2.6 speed= 0.32  14.6Hz
[03:17.2] MODE=OBSTACLE_AVOID  light=GREEN    lane=CORNER     obstacle=CLEAR  steer=  +8.7 speed= 0.60  13.4Hz
[03:17.9] MODE=LANE_FOLLOW     light=GREEN    lane=CORNER     obstacle=CLEAR  steer= -11.8 speed= 0.36  15.8Hz
[03:18.5] MODE=LANE_FOLLOW     light=GREEN    lane=CORNER     obstacle=CLEAR  steer=  -9.4 speed= 0.34  15.1Hz
[03:19.3] MODE=LANE_FOLLOW     light=GREEN    lane=CORNER     obstacle=CLEAR  steer= +15.5 speed= 0.34  13.9Hz
[03:19.9] MODE=LANE_FOLLOW     light=GREEN    lane=CORNER     obstacle=CLEAR  steer=  +1.1 speed= 0.40  15.9Hz
[03:20.6] MODE=LANE_FOLLOW     light=GREEN    lane=CORNER     obstacle=CLEAR  steer= +19.3 speed= 0.34  15.2Hz
[03:21.4] MODE=LANE_FOLLOW     light=GREEN    lane=CORNER     obstacle=CLEAR  steer= -13.8 speed= 0.34  15.9Hz
[03:22.1] MODE=LANE_FOLLOW     light=GREEN    lane=CORNER     obstacle=CLEAR  steer=  -9.0 speed= 0.34  17.5Hz
[03:22.8] MODE=LANE_FOLLOW     light=GREEN    lane=CORNER     obstacle=CLEAR  steer= -11.8 speed= 0.34  13.8Hz
[03:23.5] MODE=LANE_FOLLOW     light=GREEN    lane=CORNER     obstacle=CLEAR  steer=  -9.0 speed= 0.32  16.9Hz
[03:24.3] MODE=LANE_FOLLOW     light=GREEN    lane=STRAIGHT   obstacle=CLEAR  steer=  -4.1 speed= 0.44  16.4Hz
[03:24.9] MODE=LANE_FOLLOW     light=GREEN    lane=STRAIGHT   obstacle=CLEAR  steer=  -0.8 speed= 0.75  16.7Hz
[03:25.6] MODE=LANE_FOLLOW     light=GREEN    lane=STRAIGHT   obstacle=CLEAR  steer=  +0.2 speed= 0.75  16.1Hz
[03:26.3] MODE=LANE_FOLLOW     light=GREEN    lane=STRAIGHT   obstacle=CLEAR  steer=  +1.9 speed= 0.71  18.6Hz
[03:27.0] MODE=LANE_FOLLOW     light=GREEN    lane=CORNER     obstacle=CLEAR  steer= +19.1 speed= 0.32  16.8Hz
[03:27.7] MODE=LANE_FOLLOW     light=GREEN    lane=CORNER     obstacle=CLEAR  steer= +20.0 speed= 0.32  16.2Hz
[03:28.4] MODE=LANE_FOLLOW     light=GREEN    lane=CORNER     obstacle=CLEAR  steer= +20.0 speed= 0.34  12.4Hz
[03:29.1] MODE=LANE_FOLLOW     light=GREEN    lane=CORNER     obstacle=CLEAR  steer= +18.1 speed= 0.34  14.3Hz
[03:29.8] MODE=LANE_FOLLOW     light=GREEN    lane=STRAIGHT   obstacle=CLEAR  steer=  +0.4 speed= 0.75  16.6Hz
[03:30.5] MODE=LANE_FOLLOW     light=GREEN    lane=STRAIGHT   obstacle=CLEAR  steer=  -0.2 speed= 0.75  13.2Hz
[03:31.2] MODE=LANE_FOLLOW     light=GREEN    lane=STRAIGHT   obstacle=CLEAR  steer=  +0.3 speed= 0.75  16.8Hz
[03:31.9] MODE=LANE_FOLLOW     light=GREEN    lane=STRAIGHT   obstacle=CLEAR  steer=  +0.1 speed= 0.75  17.0Hz
[03:32.6] MODE=LANE_FOLLOW     light=GREEN    lane=STRAIGHT   obstacle=CLEAR  steer=  +0.0 speed= 0.75  17.7Hz
[03:33.3] MODE=LANE_FOLLOW     light=GREEN    lane=STRAIGHT   obstacle=CLEAR  steer=  +0.0 speed= 0.75  16.7Hz
[03:33.9] MODE=LANE_FOLLOW     light=GREEN    lane=STRAIGHT   obstacle=CLEAR  steer=  +0.0 speed= 0.75  19.3Hz
[03:34.7] MODE=LANE_FOLLOW     light=GREEN    lane=STRAIGHT   obstacle=CLEAR  steer=  +0.0 speed= 0.75  14.2Hz
[03:35.4] MODE=LANE_FOLLOW     light=GREEN    lane=STRAIGHT   obstacle=CLEAR  steer=  +0.0 speed= 0.75  13.5Hz
[03:36.1] MODE=LANE_FOLLOW     light=GREEN    lane=STRAIGHT   obstacle=CLEAR  steer=  -0.0 speed= 0.75  13.7Hz
[03:36.8] MODE=LANE_FOLLOW     light=GREEN    lane=STRAIGHT   obstacle=CLEAR  steer=  -0.0 speed= 0.75  16.6Hz
stopped
[LOG] closed -> /home/physicar/physicar_ws/moving/logs/run_20260826_000910.log
